// Jest Snapshot v1, https://goo.gl/fbAQLP

exports[`Pruebas en <FirstApp>  debe de hacer un match con el snapshow  1`] = `
<div>
  <h1>
    Hola, soy Goku
  </h1>
  <p>
    No hay sub título
     
  </p>
  <p>
    Jesús Cerón
  </p>
</div>
`;
